I'm sorry, but errors were detected in your script. Please correct the
errors listed below, and try again.


File "game/screens.rpy", line 323: expected a keyword argument or end of line.
    ypos 1000: 
             ^

Ren'Py Version: Ren'Py 8.1.1.23060707
Sat Jul 22 17:46:31 2023
